2025-08-11 10:46:35,105 - INFO - ETL job started.
2025-08-11 10:46:35,156 - ERROR - ETL job failed with error: 1045 (28000): Access denied for user 'root'@'localhost' (using password: YES)
2025-08-11 11:23:32,771 - INFO - ETL job started.
2025-08-11 11:23:32,843 - ERROR - ETL job failed with error: 1049 (42000): Unknown database 'retaildb'
2025-08-11 11:24:45,182 - INFO - ETL job started.
2025-08-11 11:24:46,164 - INFO - Uploaded 10 records to s3://rawbts3/raw/2025-08-07/transactions.parquet
2025-08-11 11:24:46,301 - INFO - Uploaded 10 records to s3://rawbts3/raw/2025-08-08/transactions.parquet
2025-08-11 11:24:46,429 - INFO - Uploaded 10 records to s3://rawbts3/raw/2025-08-09/transactions.parquet
2025-08-11 11:24:46,558 - INFO - Uploaded 10 records to s3://rawbts3/raw/2025-08-10/transactions.parquet
2025-08-11 11:24:46,690 - INFO - Uploaded 10 records to s3://rawbts3/raw/2025-08-11/transactions.parquet
2025-08-11 11:24:46,690 - INFO - ETL job completed successfully.
2025-08-11 11:37:10,540 - INFO - ETL job started.
2025-08-11 11:37:11,688 - INFO - Uploaded 10 records to s3://rawbts3/raw/2025-08-07/transactions.parquet
2025-08-11 11:37:11,863 - INFO - Uploaded 10 records to s3://rawbts3/raw/2025-08-08/transactions.parquet
2025-08-11 11:37:12,087 - INFO - Uploaded 10 records to s3://rawbts3/raw/2025-08-09/transactions.parquet
2025-08-11 11:37:12,219 - INFO - Uploaded 10 records to s3://rawbts3/raw/2025-08-10/transactions.parquet
2025-08-11 11:37:12,354 - INFO - Uploaded 10 records to s3://rawbts3/raw/2025-08-11/transactions.parquet
2025-08-11 11:37:12,354 - INFO - ETL job completed successfully.
2025-08-11 11:39:26,762 - INFO - ETL job started.
2025-08-11 11:39:27,856 - INFO - Uploaded 10 records to s3://rawbts3/raw/2025-08-07/transactions.parquet
2025-08-11 11:39:28,002 - INFO - Uploaded 10 records to s3://rawbts3/raw/2025-08-08/transactions.parquet
2025-08-11 11:39:28,212 - INFO - Uploaded 10 records to s3://rawbts3/raw/2025-08-09/transactions.parquet
2025-08-11 11:39:28,424 - INFO - Uploaded 10 records to s3://rawbts3/raw/2025-08-10/transactions.parquet
2025-08-11 11:39:28,626 - INFO - Uploaded 10 records to s3://rawbts3/raw/2025-08-11/transactions.parquet
2025-08-11 11:39:28,626 - INFO - ETL job completed successfully.
